1TEST OF THE CONTINUED-FRACTION COULOMB & BESSEL ROUTINES


0X =      0.0000  10.0000, ETA =   0.000   0.000, ZLMIN =   0.000   0.000  NL=   2  MODE =  12  KFN = 2        ARDILL: J,H(1)      
 COULCC  :: IFAIL =   0  RERR =   5.6E-15  ITS =    20   0     7     0  16 4 0

 ZL =   0.000   0.000 :: FC = J    =  2.815716628466D+03  0.000000000000D+00,  GC = H(1) =  0.000000000000D+00 -1.131913922440D-05
 ZL =   1.000   0.000 :: FC = J    =  0.000000000000D+00  2.670988303701D+03,  GC = H(1) = -1.187217791111D-05  0.000000000000D+00

0X =      0.0000  15.0000, ETA =   0.000   0.000, ZLMIN =   0.000   0.000  NL=   2  MODE =  12  KFN = 2        ARDILL: J,H(1),?    
 COULCC  :: IFAIL =   0  RERR =   5.6E-15  ITS =   -42   0     6     0  14 4 0

 ZL =   0.000   0.000 :: FC = J    =  3.396493732979D+05 -3.117020241916D-08,  GC = H(1) =  0.000000000000D+00 -6.251311080178D-08
 ZL =   1.000   0.000 :: FC = J    = -3.233435563743D-08  3.281249219702D+05,  GC = H(1) = -6.456425442792D-08  0.000000000000D+00

0X =      0.0100   0.0000, ETA =   0.000   0.000, ZLMIN =   0.200   0.000  NL=  11  MODE =  -1  KFN = 3        CAMPBELL: I,K       
 COULCC  :: IFAIL =   0  RERR =   6.5E-15  ITS =     2   7     8     0   0 5 0

 ZL =   0.200   0.000 :: FC = I    =  3.737124789554D-01  0.000000000000D+00,  GC = K    =  5.671099356385D+00  0.000000000000D+00
                         FC'=         7.475806699691D+00  0.000000000000D+00,  GC' =       -1.541397750429D+02  0.000000000000D+00
 ZL =   1.200   0.000 :: FC = I    =  1.557120583573D-03  0.000000000000D+00,  GC = K    =  2.675617621706D+02  0.000000000000D+00
                         FC'=         1.868580089266D-01  0.000000000000D+00,  GC' =       -3.211308255983D+04  0.000000000000D+00
 ZL =   3.200   0.000 :: FC = I    =  5.529517605273D-09  0.000000000000D+00,  GC = K    =  2.825728493070D+07  0.000000000000D+00
                         FC'=         1.769452216439D-06  0.000000000000D+00,  GC' =       -9.042395398318D+09  0.000000000000D+00
 ZL =  10.200   0.000 :: FC = I    =  5.758335813199D-31  0.000000000000D+00,  GC = K    =  8.512803984809D+28  0.000000000000D+00
                         FC'=         5.873505100148D-28  0.000000000000D+00,  GC' =       -8.683064691028D+31  0.000000000000D+00

0X =     12.2000  13.3000, ETA =   0.000   0.000, ZLMIN =   0.100   0.000  NL=  31  MODE =  -2  KFN = 3        CAMPBELL: I,K       
 COULCC  :: IFAIL =   0  RERR =   7.4E-15  ITS =    13   0     0     6  20 4 0

 ZL =   0.100   0.000 :: FC = I    =  8.970674903859D-02  2.916001420868D-02,  GC = K    =  1.217994261495D-01 -2.672433914395D-01
 ZL =   1.100   0.000 :: FC = I    =  8.696982963893D-02  3.073786978475D-02,  GC = K    =  1.180862385335D-01 -2.761944082622D-01
 ZL =   3.100   0.000 :: FC = I    =  6.851377438327D-02  3.900172579084D-02,  GC = K    =  8.332207749491D-02 -3.417842041719D-01
 ZL =  10.100   0.000 :: FC = I    = -9.977468635814D-03  8.634263894440D-03,  GC = K    = -2.076663354998D+00 -8.325220423849D-02
 ZL =  30.100   0.000 :: FC = I    = -5.143145898984D-10  4.514431674944D-10,  GC = K    = -2.043957294439D+07 -1.234324404641D+07

0X =      0.0000  19.2000, ETA =   0.000   0.000, ZLMIN =   0.728   0.000  NL=  11  MODE =  -2  KFN = 3        CAMPBELL: I         
 COULCC  :: IFAIL =   0  RERR =   5.6E-15  ITS =    28 122     6     0   0 1 0

 ZL =   0.728   0.000 :: FC = I    = -3.136419753807D-05 -6.888616210617D-05,  GC = K    =  1.186538508864D-01 -2.603162181703D-01
 ZL =   1.728   0.000 :: FC = I    =  1.656955187336D-01 -7.544195846947D-02,  GC = K    =  1.019544615621D-01 -2.678089736316D-01
 ZL =   3.728   0.000 :: FC = I    =  1.572397681015D-01 -7.159201495322D-02,  GC = K    =  2.276629885646D-02 -2.878280139239D-01
 ZL =  10.728   0.000 :: FC = I    =  6.550517211471D-03  1.438710459469D-02,  GC = K    = -1.521941617418D-01  2.743438906896D-01

0X =      0.0100   0.0000, ETA =   0.000   0.000, ZLMIN =   0.100   0.000  NL=  11  MODE =   2  KFN = 2        CAMPBELL: J,Y       
 COULCC  :: IFAIL =   0  RERR =   7.4E-15  ITS =     2   7     8     0   0 5 0

 ZL =   0.100   0.000 :: FC = J    =  6.187945159047D-01  0.000000000000D+00,  GC = Y    = -3.239318624880D+00  0.000000000000D+00
 ZL =   1.100   0.000 :: FC = J    =  2.812732785969D-03  0.000000000000D+00,  GC = Y    = -1.028953666168D+02  0.000000000000D+00
 ZL =   3.100   0.000 :: FC = J    =  1.080164792694D-08  0.000000000000D+00,  GC = Y    = -9.506068466200D+06  0.000000000000D+00
 ZL =  10.100   0.000 :: FC = J    =  1.251675398831D-30  0.000000000000D+00,  GC = Y    = -2.517892893399D+28  0.000000000000D+00

0X =     20.0000  -0.0010, ETA =   0.000   0.000, ZLMIN =   0.000   0.000  NL=  11  MODE =   2  KFN = 1        LENTZ: J,Y SPH.BESSE
 COULCC  :: IFAIL =   0  RERR =   5.6E-15  ITS =    29   0     1     1   0 2 0

 ZL =   0.000   0.000 :: FC = j    =  4.564728626610D-02 -1.812174217805D-05,  GC = y    = -2.040411095935D-02 -4.666747569223D-05
 ZL =   1.000   0.000 :: FC = j    = -1.812174660644D-02 -4.745944458348D-05,  GC = y    = -4.666749169485D-02  1.573735812200D-05
 ZL =   3.000   0.000 :: FC = j    =  6.030359527255D-03  4.957160333180D-05,  GC = y    =  5.001848785414D-02 -3.400290009591D-06
 ZL =  10.000   0.000 :: FC = j    =  3.968671448388D-02 -2.905654781438D-05,  GC = y    = -3.684342205110D-02 -3.601856606675D-05

0X =     20.0000-100.0000, ETA =   0.000   0.000, ZLMIN =   0.000   0.000  NL=  11  MODE =   2  KFN = 1        LENTZ: J,Y SPH.BESSE
 COULCC  :: IFAIL =   0  RERR =   5.6E-15  ITS =   -12   0     0     1   2 4 0

 ZL =   0.000   0.000 :: FC = j    =  7.633620871309D+40  1.074379471584D+41,  GC = y    =  1.074379471584D+41 -7.633620871309D+40
 ZL =   1.000   0.000 :: FC = j    =  1.065516903756D+41 -7.539559526939D+40,  GC = y    = -7.539559526939D+40 -1.065516903756D+41
 ZL =   3.000   0.000 :: FC = j    = -1.022204407411D+41  7.085201461840D+40,  GC = y    =  7.085201461840D+40  1.022204407411D+41
 ZL =  10.000   0.000 :: FC = j    = -3.791897380371D+40 -6.759622074188D+40,  GC = y    = -6.759622074188D+40  3.791897380371D+40

0X =   1000.0000 -10.0000, ETA =   0.000   0.000, ZLMIN =   0.000   0.000  NL=  11  MODE =   2  KFN = 1        LENTZ: J,Y SPH.BESSE
 COULCC  :: IFAIL =   0  RERR =   2.2E-13  ITS =    -8   0     0     1   2 4 0

 ZL =   0.000   0.000 :: FC = j    =  9.167636330424D+00 -6.101935367746D+00,  GC = y    = -6.101935393651D+00 -9.167636293143D+00
 ZL =   1.000   0.000 :: FC = j    = -6.092707660740D+00 -9.173645951182D+00,  GC = y    = -9.173645988489D+00  6.092707634872D+00
 ZL =   3.000   0.000 :: FC = j    =  6.046480384527D+00  9.203554850513D+00,  GC = y    =  9.203554887952D+00 -6.046480358845D+00
 ZL =  10.000   0.000 :: FC = j    = -9.484229564128D+00  5.585865951322D+00,  GC = y    =  5.585865975152D+00  9.484229525457D+00

0X =     20.0000   0.0000, ETA =  15.000   0.000, ZLMIN =   0.000   0.000  NL=   1  MODE =   2  KFN = 0        KLEIN: WKB#1        
 COULCC  :: IFAIL =   0  RERR =   5.6E-15  ITS =    28 118    30     0   0 1 0

 ZL =   0.000   0.000 :: FC = F    =  7.743285838794D-03  0.000000000000D+00,  GC = G    =  9.165857249768D+01  0.000000000000D+00
                         SIG=        26.400594800281      0.000000000000

0X =     80.0000   0.0000, ETA =  50.000   0.000, ZLMIN =   0.000   0.000  NL=   1  MODE =   2  KFN = 0        KLEIN: WKB#2        
 COULCC  :: IFAIL =   0  RERR =   1.9E-09  ITS =    58 385    36     0   0-3 0

 ZL =   0.000   0.000 :: FC = F    =  1.203662495706D-03  0.000000000000D+00,  GC = G    =  8.322431800513D+02  0.000000000000D+00
                         SIG=       146.384881745913      0.000000000000

0X =     20.0000   0.0000, ETA =  10.000   0.000, ZLMIN =   1.000   0.000  NL=   1  MODE =   2  KFN = 0        KLEIN: WKB#3        
 COULCC  :: IFAIL =   0  RERR =   7.9E-15  ITS =    29   0    21     0   0 3 0

 ZL =   1.000   0.000 :: FC = F    =  1.005549409856D+00  0.000000000000D+00,  GC = G    =  1.845910903381D+00  0.000000000000D+00
                         SIG=        15.274040648534      0.000000000000

0X =      0.0010   0.0000, ETA =  50.000   0.000, ZLMIN =   0.000   0.000  NL=   1  MODE =   2  KFN = 0        KLEIN: WKB          
 COULCC  :: IFAIL =   0  RERR =   1.0E-13  ITS =     3   8     0     8   0 6 0

 ZL =   0.000   0.000 :: FC = F    =  1.125366280019D-70  0.000000000000D+00,  GC = G    =  7.158046616918D+66  0.000000000000D+00
                         SIG=       146.384881745913      0.000000000000

0X =      0.2380   0.0000, ETA =  50.000   0.000, ZLMIN =   1.000   0.000  NL=   1  MODE =   2  KFN = 0        KLEIN: WKB          
 COULCC  :: IFAIL =   0  RERR =   1.1E-13  ITS =     9  22   523     0   0 1 0

 ZL =   1.000   0.000 :: FC = F    =  7.188210898808D-66  0.000000000000D+00,  GC = G    =  3.249118741705D+63  1.909131288154D+51
                         SIG=       147.935680738735      0.000000000000

0X =   1920.0000   0.0000, ETA =1000.000   0.000, ZLMIN =   0.000   0.000  NL=   1  MODE =   2  KFN = 0        KLEIN: WKB          
 COULCC  :: IFAIL =   0  RERR =   1.3E-05  ITS =   383  83    88     0   0-3 0

 ZL =   0.000   0.000 :: FC = F    =  2.249350777970D-05  0.000000000000D+00,  GC = G    =  1.089633724134D+05  0.000000000000D+00
                         SIG=      5908.540593812198      0.000000000000

0X =   1999.0000   0.0000, ETA =1000.000   0.000, ZLMIN =   0.000   0.000  NL=   1  MODE =   2  KFN = 0        KLEIN: WKB          
 COULCC  :: IFAIL =   0  RERR =   8.6E-14  ITS =   479   0    67     0   0 3 0

 ZL =   0.000   0.000 :: FC = F    =  2.104325309644D+00  0.000000000000D+00,  GC = G    =  4.092559133653D+00  0.000000000000D+00
                         SIG=      5908.540593812198      0.000000000000

0X =     10.0000   0.0000, ETA =  10.000   0.000, ZLMIN =  10.000   0.000  NL=   1  MODE =   1  KFN = 0        KLEIN               
 COULCC  :: IFAIL =   0  RERR =   5.6E-15  ITS =    14  65    32     0   0 1 0

 ZL =  10.000   0.000 :: FC = F    =  8.183129605415D-06  0.000000000000D+00,  GC = G    =  4.216302758972D+04  0.000000000000D+00
                         FC'=         1.226860042316D-05  0.000000000000D+00,  GC' =       -5.898949242495D+04  0.000000000000D+00
                         SIG=        24.734101577179      0.000000000000

0X =      8.4752  -0.2822, ETA =   3.328   0.111, ZLMIN =   5.000   0.000  NL=   1  MODE =   1  KFN = 0        TAMURA #1,3         
 COULCC  :: IFAIL =   0  RERR =   8.5E-15  ITS =    16   0    22    20   0 2 0

 ZL =   5.000   0.000 :: FC = F    =  4.515919618187D-01 -1.210953024393D-01,  GC = G    =  2.250479648154D+00  3.428159029010D-01
                         FC'=         2.826781718193D-01 -4.356116743294D-02,  GC' =       -7.201587712076D-01 -1.956075389451D-01
                         SIG=         5.860484327158      0.206247847879

0X =      4.9146  -0.4866, ETA =   5.690   0.563, ZLMIN =  10.000   0.000  NL=   1  MODE =   1  KFN = 0        TAMURA #6           
 COULCC  :: IFAIL =   0  RERR =   5.6E-15  ITS =     9  41    33     0   0 1 0

 ZL =  10.000   0.000 :: FC = F    = -3.754812944480D-07 -5.671515977109D-07,  GC = G    = -1.373679272162D+05  2.709418321399D+05
                         FC'=        -7.774860336046D-07 -1.526018226462D-06,  GC' =        3.906102789863D+05 -5.872668421171D+05
                         SIG=        13.631327361198      1.397299893245

0X =     45.0000   0.0000, ETA =   9.000   0.000, ZLMIN =  18.000   0.000  NL=   1  MODE =   1  KFN = 0        TAKEMASA 1.1        
 COULCC  :: IFAIL =   0  RERR =   5.6E-15  ITS =    44   0    13     0   0 3 0

 ZL =  18.000   0.000 :: FC = F    =  1.157065907867D+00  0.000000000000D+00,  GC = G    = -4.272599817321D-01  0.000000000000D+00
                         FC'=        -2.917274198320D-01  0.000000000000D+00,  GC' =       -7.565312762048D-01  0.000000000000D+00
                         SIG=        26.593121051781      0.000000000000

0X =     45.0000   0.0000, ETA =   9.000   0.000, ZLMIN =  17.308   3.254  NL=   1  MODE =   1  KFN = 0        TAKEMASA 1.2        
 COULCC  :: IFAIL =   0  RERR =   6.8E-15  ITS =    43 237    12    13 -50-2 0

 ZL =  17.308   3.254 :: FC = F    =  3.512632533078D+00  3.444699374893D+00,  GC = G    = -3.545256213503D+00  3.399821730163D+00
                         FC'=        -2.258538465988D+00  2.396836528792D+00,  GC' =       -2.467801108075D+00 -2.185026399688D+00
                         SIG=        26.393294126818      1.510868116518

0X =     45.0000   0.0000, ETA =   9.000   0.000, ZLMIN =   6.000   6.928  NL=   1  MODE =   1  KFN = 0        TAKEMASA 1.6        
 COULCC  :: IFAIL =   0  RERR =   5.6E-07  ITS =    53 245     0    10 -50 1 0

 ZL =   6.000   6.928 :: FC = F    = -1.599772254056D+01  1.516754778839D+01,  GC = G    = -1.518839076952D+01 -1.597732283366D+01
                         FC'=        -1.218707225833D+01 -1.201999616859D+01,  GC' =        1.203654097057D+01 -1.217150602866D+01
                         SIG=        20.498566077152      6.096166449251

0X =     25.0000   0.0000, ETA =   9.000   0.000, ZLMIN =  17.308   3.254  NL=   1  MODE =   1  KFN = 0        TAKEMASA 2.2        
 COULCC  :: IFAIL =   0  RERR =   5.6E-15  ITS =    21 131     0    22 -50 1 0

 ZL =  17.308   3.254 :: FC = F    =  1.279145031893D-02 -2.642408043542D-01,  GC = G    =  1.721529911162D+00  3.225247245911D+00
                         FC'=         5.093864134269D-02 -1.424503144631D-01,  GC' =        2.228350235099D-01 -1.724640920390D+00
                         SIG=        26.393294126818      1.510868116518

0X =     25.0000   0.0000, ETA =   9.000   0.000, ZLMIN =   6.000   6.928  NL=   1  MODE =   1  KFN = 0        TAKEMASA 2.6        
 COULCC  :: IFAIL =   0  RERR =   5.6E-15  ITS =    30 137     0    17 -50 1 0

 ZL =   6.000   6.928 :: FC = F    =  2.686494449337D+00  7.309405128416D+00,  GC = G    = -7.404096849279D+00  2.625716805392D+00
                         FC'=        -3.691385806192D+00  2.226233898197D+00,  GC' =       -2.247421652168D+00 -3.628695302252D+00
                         SIG=        20.498566077152      6.096166449251

0X =      0.5000   0.0000, ETA =   0.250   0.000, ZLMIN =   0.000   0.000  NL=   1  MODE =   1  KFN =-1        BARNETT: COULFG H.P.
 COULCC  :: IFAIL =   0  RERR =   2.6E-14  ITS =     6  17   123     0   0 1 0

 ZL =   0.000   0.000 :: FC = F    =  3.485125022804D-01  0.000000000000D+00,  GC = G    =  1.148208486965D+00  0.000000000000D+00
                         FC'=         7.251402510494D-01  0.000000000000D+00,  GC' =       -4.802921226918D-01  0.000000000000D+00

0X =      1.0000   0.0000, ETA =   1.000   0.000, ZLMIN =   0.000   0.000  NL=   1  MODE =   1  KFN =-1        BARNETT: COULFG H.P.
 COULCC  :: IFAIL =   0  RERR =   1.5E-14  ITS =     8  22    82     0   0 1 0

 ZL =   0.000   0.000 :: FC = F    =  2.275262105106D-01  0.000000000000D+00,  GC = G    =  2.043097162104D+00  0.000000000000D+00
                         FC'=         3.487344228584D-01  0.000000000000D+00,  GC' =       -1.263598113312D+00  0.000000000000D+00

0X =     68.0000   0.0000, ETA =  32.000   0.000, ZLMIN =   0.000   0.000  NL=   1  MODE =   1  KFN =-1        BARNETT: COULFG H.P.
 COULCC  :: IFAIL =   0  RERR =   5.6E-15  ITS =    63   0    22     0   0 3 0

 ZL =   0.000   0.000 :: FC = F    =  1.920994802790D+00  0.000000000000D+00,  GC = G    =  4.002961984074D-01  0.000000000000D+00
                         FC'=         2.048420576901D-02  0.000000000000D+00,  GC' =       -5.162951242048D-01  0.000000000000D+00

0X =      0.0000  37.5000, ETA =   0.000   6.667, ZLMIN =   0.000   0.000  NL=  31  MODE =  12  KFN = 0        BELL&SCOTT: WHIT#3  
 COULCC  :: IFAIL =   0  RERR =   9.8E-15  ITS =   -34   0     8     0  18 4 4

 ZL =   0.000   0.000 :: FC = WH-F = -6.572822555951D+03  1.587068254594D-10,  GC = WHIT =  9.477962340603D-05  1.084202172486D-19
 ZL =   1.000   0.000 :: FC = WH-F = -6.377566880466D+03  1.232365320902D-10,  GC = WHIT =  9.757342640647D-05  9.486769009248D-20
 ZL =   3.000   0.000 :: FC = WH-F = -5.485874002425D+03  3.637978807092D-11,  GC = WHIT =  1.128119684299D-04  1.761828530289D-19
 ZL =  10.000   0.000 :: FC = WH-F = -1.272358481238D+03  1.250555214938D-12,  GC = WHIT =  4.622899534245D-04  4.336808689942D-19
 ZL =  30.000   0.000 :: FC = WH-F = -1.389444786748D-02  3.295974604356D-17,  GC = WHIT =  3.148767535612D+01  7.638334409421D-14

0X =      0.0000  12.8000, ETA =   0.000   5.000, ZLMIN =   0.000   0.000  NL=  11  MODE =  12  KFN = 0        B&S#2 BOUND STATES  
 CLOGAM ... ARGUMENT IS NON POSITIVE INTEGER =                -4.00
 COULCC WARNING: LINEAR INDEPENDENCE BETWEEN 'F' AND 'H(1)'  IS LOST AT ZL =   4.00   0.00 (EG. COULOMB EIGENSTATE, OR CF1 UNSTABLE)

 COULCC  :: IFAIL =   0  RERR =   5.6E-15  ITS =     4   0     1     0   2 4 4

 ZL =   0.000   0.000 :: FC = WH-F = -1.275848828166D+13  1.067692849751D+14,  GC = WHIT =  1.177257807523D+01  3.604312514386D-15
                         SIG=         0.000000000000      2.393745871391
 ZL =   1.000   0.000 :: FC = WH-F = -9.365848651026D+12  7.837801325511D+13,  GC = WHIT =  1.296315622011D+01  3.968821942951D-15
                         SIG=         1.570796326795      2.596478425445
 ZL =   3.000   0.000 :: FC = WH-F = -1.615484385699D+12  1.351916535421D+13,  GC = WHIT =  2.086907311912D+01  6.389310899127D-15
                         SIG=         4.712388980385      3.713274536199
 ZL =  10.000   0.000 :: FC = WH-F = -3.439912496674D-04 -1.053169457100D-19,  GC = WHIT =  1.537613179220D+03 -4.707582645645D-13
                         SIG=         0.000000000000     11.555889820529

0X =      0.0000  31.6228, ETA =   0.000   0.632, ZLMIN =   0.000   0.000  NL=  11  MODE =  12  KFN = 0        NOBLE & IJT, #1     
 COULCC  :: IFAIL =   0  RERR =   5.6E-15  ITS =    27   0     4     0  11 4 0

 ZL =   0.000   0.000 :: FC = WH-F = -1.998840548986D+12  2.197265625000D-03,  GC = WHIT =  2.553060393933D-13  2.524354896707D-29
 ZL =   1.000   0.000 :: FC = WH-F = -1.934964338573D+12 -2.441406250000D-04,  GC = WHIT =  2.634593420291D-13  0.000000000000D+00
 ZL =   3.000   0.000 :: FC = WH-F = -1.645228886734D+12  3.662109375000D-04,  GC = WHIT =  3.082556297540D-13  7.573064690122D-29
 ZL =  10.000   0.000 :: FC = WH-F = -3.408671873167D+11 -2.441406250000D-04,  GC = WHIT =  1.417970251026D-12 -1.009741958683D-27

0X =      0.0000  26.4764, ETA =   0.000   0.755, ZLMIN =   0.000   0.000  NL=  11  MODE =  11  KFN = 0        NOBLE & IJT, #2     
 COULCC  :: IFAIL =   0  RERR =   5.6E-15  ITS =    24   0     4     0  11 4 0

 ZL =   0.000   0.000 :: FC = WH-F = -8.064524051162D+09  5.722045898438D-06,  GC = WHIT =  6.384985439231D-11  3.231174267785D-27
                         FC'=         7.826251829037D+09  6.657021031061D-06,  GC' =       -6.203651413332D-11  0.000000000000D+00
 ZL =   1.000   0.000 :: FC = WH-F = -7.755267861200D+09 -4.768371582031D-07,  GC = WHIT =  6.629552062827D-11  0.000000000000D+00
                         FC'=         7.538002724858D+09 -6.626731668290D-07,  GC' =       -6.450637087096D-11  9.693522803356D-27
 ZL =   3.000   0.000 :: FC = WH-F = -6.380105392255D+09 -1.430511474609D-06,  GC = WHIT =  7.998243503817D-11 -9.693522803356D-27
                         FC'=         6.249941947594D+09  2.065945389220D-06,  GC' =       -7.838654590116D-11  3.231174267785D-26
 ZL =  10.000   0.000 :: FC = WH-F = -9.679242544025D+08 -8.344650268555D-07,  GC = WHIT =  4.925066205105D-10 -3.877409121342D-25
                         FC'=         1.017355574522D+09  8.983274707952D-07,  GC' =       -5.154800511148D-10  4.135903062765D-25

0X =      0.0000   3.9842, ETA =   0.000  13.805, ZLMIN =   0.000   0.000  NL=  11  MODE =  12  KFN = 0        NOBLE & IJT, #6     
 COULCC  :: IFAIL =   0  RERR =   5.6E-15  ITS =     7  19    22     0   0 1 0

 ZL =   0.000   0.000 :: FC = WH-F =  7.480565697108D-11 -3.295797753141D-25,  GC = WHIT = -7.080848096679D+09 -4.577636718750D-05
 ZL =   1.000   0.000 :: FC = WH-F =  7.978950214533D-11 -3.618915179919D-25,  GC = WHIT = -7.688274446116D+09 -4.959106445312D-05
 ZL =   3.000   0.000 :: FC = WH-F =  6.277862250680D-11 -2.875745098329D-25,  GC = WHIT = -6.553838835966D+09 -5.078315734863D-05
 ZL =  10.000   0.000 :: FC = WH-F =  4.723119688528D-13 -1.514612938024D-27,  GC = WHIT = -1.280001923385D+12 -4.150390625000D-03

0X =      0.0000   0.1000, ETA =   0.000  -1.000, ZLMIN =   0.000   0.000  NL=   3  MODE =  12  KFN = 0        HEBBARD&ROBSON: WHIT
 CLOGAM ... ARGUMENT IS NON POSITIVE INTEGER =                 0.00
 CLOGAM ... ARGUMENT IS NON POSITIVE INTEGER =                 0.00
 COULCC  :: IFAIL =   0  RERR =   5.6E-15  ITS =     1   2     0    12   0 6 6

 ZL =   0.000   0.000 :: FC = WH-F = -1.105170918076D-01 -6.767220136660D-18,  GC = WHIT =  6.990747191746D-01 -4.280598086010D-17
 ZL =   1.000   0.000 :: FC = WH-F = -7.013673930357D-03 -8.589273329075D-19,  GC = WHIT =  4.524187090180D+00 -5.540531238732D-16

0X =      0.0000   0.1000, ETA =   0.000 -10.000, ZLMIN =   0.000   0.000  NL=   2  MODE =  12  KFN = 0        HEBBARD&ROBSON: WHIT
 CLOGAM ... ARGUMENT IS NON POSITIVE INTEGER =                -8.00
 CLOGAM ... ARGUMENT IS NON POSITIVE INTEGER =                -9.00
 COULCC  :: IFAIL =   0  RERR =   5.6E-15  ITS =     5  10     0    15   0 6 0

 ZL =   0.000   0.000 :: FC = WH-F = -8.701609540323D+05 -4.795379221944D-10,  GC = WHIT =  3.834717681426D-08 -2.113278630387D-23
 ZL =   1.000   0.000 :: FC = WH-F = -2.146732375443D+05 -5.259306650196D-10,  GC = WHIT =  1.122142464667D-07 -2.749150939542D-22

0X =      0.0000   3.0000, ETA =   0.000  -1.000, ZLMIN =   0.000   0.000  NL=   3  MODE =  12  KFN = 0        HEBBARD&ROBSON: WHIT
 CLOGAM ... ARGUMENT IS NON POSITIVE INTEGER =                 0.00
 COULCC  :: IFAIL =   0  RERR =   5.6E-15  ITS =     1   2    19     0   2 4 1

 ZL =   0.000   0.000 :: FC = WH-F = -6.025661076956D+01 -3.689653275321D-15,  GC = WHIT =  6.392372038034D-03 -3.914198977669D-19
 ZL =   1.000   0.000 :: FC = WH-F = -4.351036548885D+01 -5.328482982565D-15,  GC = WHIT =  8.297844727977D-03 -1.016192898594D-18

0X =      0.0000   3.0000, ETA =   0.000 -10.000, ZLMIN =   0.000   0.000  NL=   3  MODE =  12  KFN = 0        HEBBARD&ROBSON: WHIT
 CLOGAM ... ARGUMENT IS NON POSITIVE INTEGER =                -7.00
 COULCC  :: IFAIL =   0  RERR =   5.6E-15  ITS =     7   9    32     0   0 1 0

 ZL =   0.000   0.000 :: FC = WH-F = -1.048159691236D+12 -5.134501643469D-04,  GC = WHIT =  1.720329295010D-13 -8.427183058454D-29
 ZL =   1.000   0.000 :: FC = WH-F = -8.720365865130D+11 -2.083016561866D-03,  GC = WHIT =  2.038352723557D-13 -4.868972870820D-28

0X =      0.0000  18.0000, ETA =   0.000 -10.000, ZLMIN =   0.000   0.000  NL=   3  MODE =  12  KFN = 0        HEBBARD&ROBSON: WHIT
 CLOGAM ... ARGUMENT IS NON POSITIVE INTEGER =                -7.00
 COULCC  :: IFAIL =   0  RERR =   5.6E-15  ITS =     7   9    12     0 -50 1 0

 ZL =   0.000   0.000 :: FC = WH-F = -9.294667441786D+23 -4.553073892689D+08,  GC = WHIT =  3.701898207828D-25 -1.813407116395D-40
 ZL =   1.000   0.000 :: FC = WH-F = -8.876495538876D+23 -2.120310948505D+09,  GC = WHIT =  3.870635294358D-25 -9.245710039908D-40

0X =     -0.7000   0.7000, ETA =   0.000   0.000, ZLMIN =   0.000 -20.000  NL=  11  MODE =  -2  KFN = 2        SHOULD USE -X RULES 
 COULCC WARNING: LINEAR INDEPENDENCE BETWEEN 'F' AND 'H(2)'  IS LOST AT ZL =   0.00 -20.00 (EG. COULOMB EIGENSTATE, OR CF1 UNSTABLE)

 COULCC  :: IFAIL =   0  RERR =   5.6E-15  ITS =     4  19    19     0   0 5 0

 ZL =   0.000 -20.000 :: FC = J    = -1.208888323315D+32 -5.498444698192D+32,  GC = Y    =  3.909614081742D+33 -8.595679453935D+32
 ZL =   1.000 -20.000 :: FC = J    = -6.910472871367D+30  1.207989320397D+31,  GC = Y    = -8.589287183646D+31 -4.913622584633D+31
 ZL =   3.000 -20.000 :: FC = J    = -8.081891611100D+27 -2.255970045783D+27,  GC = Y    =  1.604084271049D+28 -5.746547816632D+28
 ZL =  10.000 -20.000 :: FC = J    = -2.981850828406D+16 -9.018851149561D+15,  GC = Y    = -1.232820426457D+33  1.312036515635D+33

0X =     -1.0000   1.0000, ETA =   0.000   0.000, ZLMIN = -30.000   0.000  NL=  61  MODE =  -2  KFN = 2        SHOULD USE -L RULES 
 COULCC WARNING: AS '-L' REFLECTION RULES NOT USED,ERRORS CAN BE UP TO         NaN

 COULCC WARNING: AS '-L' REFLECTION RULES NOT USED,ERRORS CAN BE UP TO    1.00D+00

 COULCC  :: IFAIL =  -1  RERR =       NaN  ITS =    50  -1    23     0   0 1 0


0X =     -1.0000   1.0000, ETA =   0.000   0.000, ZLMIN = -30.100   0.000  NL=  61  MODE =  -2  KFN = 2        SHOULD USE -L RULES 
 COULCC WARNING: LINEAR INDEPENDENCE BETWEEN 'F' AND 'H(2)'  IS LOST AT ZL = -30.10   0.00 (EG. COULOMB EIGENSTATE, OR CF1 UNSTABLE)

 COULCC  :: IFAIL =   0  RERR =   1.0E-14  ITS =     4  22    22     0   0 5 0

 ZL = -30.100   0.000 :: FC = J    = -3.808709090080D+33 -1.474367718595D+34,  GC = Y    =  1.808127055802D+35  3.109545063163D+35
 ZL = -29.100   0.000 :: FC = J    = -3.188841617451D+32 -1.876909884812D+32,  GC = Y    =  8.450969199683D+33  2.230945062575D+33
 ZL = -27.100   0.000 :: FC = J    = -1.229502851225D+29  2.095437429894D+29,  GC = Y    =  1.457248411935D+30 -5.550806965628D+30
 ZL = -20.100   0.000 :: FC = J    = -6.067911443413D+18  1.625879178827D+18,  GC = Y    =  5.679007007075D+34 -1.891324806160D+34
 ZL =  -0.100   0.000 :: FC = J    =  3.671330222333D-01  1.139430563612D-01,  GC = Y    = -2.211868417937D+56 -2.224817289519D+55

0X =     60.0000   0.0000, ETA =  50.000   0.000, ZLMIN =   0.000   0.000  NL= 200  MODE =   2  KFN = 0        EXP RANGE (LARGE L) 
 COULCC  :: IFAIL =   0  RERR =   1.0E-11  ITS =     9 217    44     0   0 1 0

 ZL =   0.000   0.000 :: FC = F    =  1.904944604612D-09 -3.858280569677D-20,  GC = G    =  3.215120254215D+08  6.511971831157D-03
                         SIG=       146.384881745914      0.000000000000
 ZL =   1.000   0.000 :: FC = F    =  1.873704694319D-09 -3.795007160787D-20,  GC = G    =  3.267363213635D+08  6.617783935816D-03
                         SIG=       147.935680738735      0.000000000000
 ZL =   3.000   0.000 :: FC = F    =  1.725058780286D-09 -3.493939276456D-20,  GC = G    =  3.541537614357D+08  7.173093107669D-03
                         SIG=       150.977366550081      0.000000000000
 ZL =  10.000   0.000 :: FC = F    =  7.687435009667D-10 -1.557015414340D-20,  GC = G    =  7.790406801569D+08  1.577873674043D-02
                         SIG=       161.000773571674      0.000000000000
 ZL =  30.000   0.000 :: FC = F    =  1.002105803059D-12 -2.029668127537D-23,  GC = G    =  5.188157037628D+11  1.050810897194D+01
                         SIG=       184.713535484610      0.000000000000
 ZL = 100.000   0.000 :: FC = F    =  7.521433503537D-41 -1.523393419029D-51,  GC = G    =  3.567502236658D+39  7.225629831257D+28
                         SIG=       232.433349455463      0.000000000000

0X =      0.0000 100.0000, ETA =   0.000  10.000, ZLMIN =   0.000   0.000  NL=  51  MODE = -12  KFN = 0        POLES & INSTABITIES 
 CLOGAM ... ARGUMENT IS NON POSITIVE INTEGER =                -9.00
 COULCC: BOTH BOUND-STATE POLES AND F-INSTABILITIES OCCUR, OR MULTIPLE INSTABILITIES PRESENT.
 TRY CALLING TWICE,  FIRST FOR ZL FROM   0.000   0.000 TO  10.000   0.000 (INCL.)
                    SECOND FOR ZL FROM  11.000   0.000 TO  50.000   0.000
 COULCC  :: IFAIL =  -1  RERR =   1.4E-14  ITS =   -22   0     8     0  27 4 0


0X =    920.0000   0.0000, ETA = 500.000   0.000, ZLMIN =   1.000   0.000  NL=   1  MODE =   2  KFN = 0        1F1 OVERFLOW        
 COULCC: OVERFLOW IN 1F1 SERIES AT ZL =   1.000   0.000 AT TERM    0
 COULCC  :: IFAIL =  -1  RERR =   7.7+292  ITS =   231 110    75     0   0 0 0


0X =  30000.0000   0.0000, ETA = 150.000   0.000, ZLMIN =   1.000   0.000  NL=   1  MODE =   2  KFN = 0        NO CF1 CONVERGENCE  
 COULCC: CF1 HAS FAILED TO CONVERGE AFTER      20000 ITERATIONS AS ABS(X) =         30000.
 COULCC  :: IFAIL =  -1  RERR =   5.6E-15  ITS =     0   0     0     0   0 0 0

 TEST DONE
